=== S8/S15 — robust mutex recovery + bump-allocation race ===
PHP 8.4.19 (Linux), ZTS=no, pid=28870
z-engine: booted (/home/user/z-engine)

--- S8a — child SIGKILLed while holding a ROBUST process-shared mutex
      holder: pid 28871 killed by signal 9 (SIGKILL)
      parent pthread_mutex_lock() returned 130 after 8.4 us  (EOWNERDEAD == 130)
[ OK ] S8a lock on an orphaned robust mutex returns EOWNERDEAD (no deadlock)
      consistent()=0 unlock()=0 then lock()=0 unlock()=0
[ OK ] S8a pthread_mutex_consistent() restores the mutex
--- S8b — CONTROL: recover the EOWNERDEAD without calling consistent()
      first lock() = 130, unlock without consistent(), next lock() = 131  (ENOTRECOVERABLE == 131)
[ OK ] S8b skipping consistent() poisons the mutex permanently :: the recovery handler is MANDATORY — a missed consistent() takes the whole arena down
--- S8c — CONTROL: a NON-robust pshared mutex whose owner dies
      pthread_mutex_trylock() on the orphaned non-robust mutex = 16 (EBUSY == 16)
[ OK ] S8c a NON-robust pshared mutex is permanently stuck after an owner dies :: lock() here would block forever — PTHREAD_MUTEX_ROBUST is not optional for a multi-process arena

--- S15a — 4 children, 25000 bump allocations each, UNDER the mutex
      children: pid 28875 exit 0, pid 28876 exit 0, pid 28877 exit 0, pid 28879 exit 0 (0.19 s)
      100000 records, 11199712 bytes carved (bump 8388608 -> 19588320), 0 overlaps, 0 duplicate offsets, 0 corrupted blocks
[ OK ] S15a locked bump allocation: no overlaps, no duplicate offsets, no corruption
--- S15b — CONTROL: the identical run with NO mutex (up to 3 attempts; a race is probabilistic)
      attempt 1 (0.05 s): 78088 records (expected 100000), 8671472 bytes carved, 2866 overlaps, 825 duplicate offsets, 4663 corrupted blocks
[ OK ] S15b unlocked bump allocation races (lost updates and overlapping blocks) :: the mutex in S15a is load-bearing, not decoration

Done.
