=== S14 — per-process side effects of attach ===
PHP 8.4.19 (Linux), ZTS=no, pid=28841
z-engine: booted (/home/user/z-engine)

shared zend_object at 0x7fc272eed000, 72 bytes; handle field currently 25, properties=0x0

--- A — parent attaches, then two children attach the same object simultaneously
      parent put() -> handle 36, obj->handle=36, spl_object_id=36
      children: pid 28842 exit 0, pid 28843 exit 0
      child 0: put() returned handle 30, spl_object_id right after = 30; 20 ms later obj->handle=30 and spl_object_id=30
      child 1: put() returned handle 30, spl_object_id right after = 30; 20 ms later obj->handle=30 and spl_object_id=30
      parent afterwards: obj->handle=30, spl_object_id($parentInstance)=30 (parent's real slot is 36)
[ OK ] A obj->handle is a SHARED field every attaching process overwrites :: parent attached at slot 36, shared field now says 30
[ OK ] A spl_object_id() in the parent is now WRONG :: spl_object_id() reads obj->handle directly — it returns a foreign process's slot number
      parent's object store slot 30 currently holds: a DIFFERENT live object (FFI\CData)
      recycle()/detach() at request end would therefore return a FOREIGN slot to the free list

--- B — obj->properties: the lazy request-heap pointer written into a shared struct
      before: obj->properties = 0x0
      trigger child: pid 28844 exit 0
      inside child A: properties 0x0 -> get_object_vars(2 vars) -> 0x7fc276d17968 -> var_dump -> 0x7fc276d17968 -> json_encode(22 bytes) -> 0x7fc276d17968 -> (array) cast(2) -> 0x7fc276d17968
      PARENT now reads obj->properties = 0x7fc276d17968  (child A is gone; that is child A's private heap)
[ OK ] B a read-only-looking call writes a request-heap pointer into the SHARED struct :: CONFIRMED: obj->properties is non-NULL in the shared struct after a child called get_object_vars()/var_dump()
--- B2 — sibling child B follows the inherited obj->properties pointer
      sibling child: pid 28845 exit 0
      progress markers: reached=1, get_object_vars returned 1 vars (done=1), var_dump produced 50 bytes (done=1)
[ OK ] B2 sibling outcome :: survived but read 1 "properties" out of a heap block it never wrote — silent garbage
--- B3 — what a process that did NOT inherit the writer's heap sees
      obj->properties forced to 0x7fc276eec000 (unmapped in every process)
      child: pid 28846 killed by signal 11 (SIGSEGV) (reached=1, returned 0 vars)
[ OK ] B3 dereferencing a foreign obj->properties kills the process :: SIGNAL 11 (SIGSEGV) — hard crash
      the same field is also written by: property_exists on dynamic props, iteration over the object,
      serialize(), debug_zval_dump(), Reflection*::getProperties() and every (array)/json path.

--- C — obj->ce and obj->handlers: which of them is really fork-stable?
      parent: std_object_handlers=0x55780f8ae920, S14Holder ce=0x7fc276c04018
      child 0: handlers=0x55780f8ae920  S14Holder ce=0x7fc276c04018  post-fork S14LateClass ce=0x7fc272a587d0
      child 1: handlers=0x55780f8ae920  S14Holder ce=0x7fc276c04018  post-fork S14LateClass ce=0x7fc272a51d90
[ OK ] C std_object_handlers is address-identical in every forked process :: safe to keep INSIDE the shared struct
[ OK ] C a PRE-fork class entry is address-identical too :: obj->ce happens to agree — but only because the class was loaded before the fork
[ OK ] C a POST-fork class entry differs per process :: 0x7fc272a587d0 vs 0x7fc272a51d90 — obj->ce cannot be a shared field once classes are autoloaded lazily

Done.
