=== S17 — closures across fork ===
PHP 8.4.19 (Linux), ZTS=no, pid=28861
z-engine: booted (/home/user/z-engine)

--- (a) closures compiled PRE-fork, invoked concurrently by two children
      static closure: zend_closure at 0x7fe69e729280, handle 24, fn_flags=0x82402110 (HEAP_RT_CACHE=false), op_array.opcodes=0x7fe6a266b500
      use    closure: zend_closure at 0x7fe69e729400, handle 23, fn_flags=0x82402100 (HEAP_RT_CACHE=false), op_array.opcodes=0x7fe6a266b780
      bound  closure: zend_closure at 0x7fe69e729580, handle 26, fn_flags=0x82422101 (HEAP_RT_CACHE=false), op_array.opcodes=0x7fe6a26a5200
      children: pid 28862 exit 0, pid 28863 exit 0 (0.02 s, 100000 invocations each of 3 closures)
      child 0: 0 wrong results, checksum 55100050000, closure spl_object_id 24
      child 1: 0 wrong results, checksum 55100050000, closure spl_object_id 24
[ OK ] (a) pre-fork closures invoke correctly and identically in both children :: op_array, literals and the captured statics are all COW-shared read-only data
      run_time_cache is per-closure heap memory (ZEND_ACC_HEAP_RT_CACHE): each child COW-copies its own

--- (b) closure created POST-fork in child A, its address handed to child B over a pipe
      child A built the closure at 0x7fe69e729700; in child A it returns 987654322 for input 1
      child B: pid 28865 killed by signal 11 (SIGSEGV)
      markers: reached=1 materialized=1 is_object=1 is_Closure=1 invoked=1 survived=0 result=0
[ OK ] (b) invoking a sibling-built closure by address is UNSAFE :: child B died with signal 11 (SIGSEGV)
      every post-fork allocation lands on a private COW page; addresses are only meaningful
      inside the process that allocated them. Closures therefore cannot be shared by address.

--- (c) every pointer a zend_closure carries (feasibility of arena-cloning)
      field                                      address            notes
      zend_closure (whole struct)                0x7fe69e729700     
      std.ce (Closure class entry)               0x563745285380     
      std.handlers                               0x56370db2ab80     
      func.op_array.function_name                0x7fe6a265c960     
      func.op_array.scope                        0x0                (null)
      func.op_array.arg_info                     0x7fe6a2670960     
      func.op_array.attributes                   0x0                (null)
      func.op_array.run_time_cache__ptr          0x7fe69e7ceec8     
      func.op_array.opcodes                      0x7fe6a2671780     
      func.op_array.static_variables             0x7fe69e7e6a10     
      func.op_array.static_variables_ptr__ptr    0x7fe69e7e6a10     
      func.op_array.vars                         0x7fe6a265d0a8     
      func.op_array.refcount                     0x7fe6a265e180     
      func.op_array.literals                     0x7fe6a26718c0     
      func.op_array.filename                     0x7fe6a265c140     
      func.op_array.dynamic_func_defs            0x0                (null)
      func.op_array.live_range                   0x7fe6a265e190     
      func.op_array.try_catch_array              0x0                (null)
      this_ptr.value                             0x0                (null)
      called_scope                               0x0                (null)
      counts: num_args=1 last_var=3 T=3 last(opcodes)=10 last_literal=1 cache_size=0 num_dynamic_func_defs=0
      byte cost of a deep clone: opcodes 10*32=320, literals 1*16=16, vars 3*8=24, arg_info 1*32=32
[ OK ] (c) pointer inventory taken :: 14 of 20 zend_closure/op_array pointer fields are non-NULL for a trivial closure
      child sees the SAME closure at 0x7fe69e729700 (opcodes 0x7fe6a2671780, literals 0x7fe6a26718c0, static_variables 0x7fe69e7e6a10, handle 30)
[ OK ] (c) a pre-fork closure keeps identical addresses in the child
      run_time_cache__ptr and static_variables_ptr__ptr point into the REQUEST arena, not into
      the compiled op_array: an arena-resident closure would share those per-request slots
      between processes. Any closure design must re-mint them per process.

Done.
